[dotenv@17.3.1] injecting env (6) from .env -- tip: ­ƒñû agentic secret storage: https://dotenvx.com/as2
--- Supabase Connection Test (Deep Check) ---
URL: https://sqibyxmjezoxinoqtyjk.supabase.co
1. Testing Auth session...
Ô£à Auth connection successful!
2. Testing Database access (profiles table)...
Ô£à Database connection successful! "profiles" table is accessible.
Summary: Found null records in profiles (head check).
3. Testing simple insert (dry-run/check)...
